-928 -7561 3422 -2027 5983 9628 2923 -1345 545 3432 
-3778 -8724 4992 -9462 4767 3060 9085 -2201 3082 2782 
4723 2202 -6731 9603 -2490 -5109 -4086 9753 -5328 -6043 
9628 1597 -9824 679 -6604 -4710 -9599 1090 -5496 -5350 
-7878 -2822 386 -7117 2890 4636 6250 -5637 2022 6992 
4276 5072 -2159 2753 -5236 -6246 -1083 9988 -6154 -6655 
-7714 -3864 6967 -399 774 9388 6696 -2379 9044 3214 
3396 3615 -7449 9719 -8966 -923 -867 7836 -7217 -993 
1895 634 -5847 4455 -8833 -828 -4403 4382 -5364 -9962 
9 10
