No data with the given index
Unrecognized command
11 15
6898 -4396 -2062 -8873 7473 -9970 1216 3422 3729 -3614 -1123 4326 -6840 -4838 1191 
-2896 236 3677 5007 -6298 2787 -2726 -9274 -9598 2924 4110 -3646 7730 5674 -3456 
-7156 7473 3408 5379 -3206 5626 -5647 -1014 -9355 5556 8529 -5732 3709 17 -666 
680 -2235 -848 -3517 8760 -9966 9029 3674 8852 -7869 -8705 3571 -6376 -3661 6621 
1628 -535 -1673 -9704 6727 -7962 4398 1783 7386 -3965 -1923 7480 -3310 -25 6159 
-4395 1370 8932 2366 -3920 6654 -6530 -9785 -2460 5156 6540 -3874 3368 7943 -4344 
-8747 5744 5506 2189 -2851 3805 -8955 -6314 -5948 6812 2282 -5292 9016 9996 -7498 
-9525 770 2370 9714 -5816 2444 -1615 -3740 -1179 5155 8467 -3463 1326 4244 -4190 
437 -1309 -938 -9511 2596 -9295 6651 7124 8152 -439 -7522 9141 -4409 -2389 6100 
2184 -5894 -9858 -4579 4565 -10001 4602 9258 3892 -1217 -300 4382 -1265 -4857 6956 
-3859 7422 9699 424 -2269 2715 -1782 -7565 -6901 5299 5349 -6899 7240 2138 -8940 
