1954 2730 
4459 6231 
Unrecognized command
Cannot perform matrix multiplication
No matrix with the given index
2 3
