No data with the given index
2 6
7 7 -1 -1 -10 -6 
-9 2 2 7 6 2 
88 -11 -19 -64 -64 -24 
133 56 -24 -59 -142 -74 
-109 -10 22 67 94 42 
-46 -24 8 18 52 28 
-86 2 18 58 68 28 
