Cannot perform data multiplication
No data with the given index
No data with the given index
No data with the given index
Unrecognized command
-1553 6609 6932 3677 -3039 2421 1063 9293 -7636 -4132 -9330 -1039 -9398 5554 9308 
4819 4483 3855 6407 -4241 -3811 -293 -6571 -3237 -2309 1799 -9940 -4276 2127 3656 
4334 -7606 -3552 -8659 -2546 -6775 -2990 7380 -2099 -9865 -1155 2192 9055 -5765 -2744 
-5379 2460 7429 -614 3341 -693 9186 -7520 -4407 -4598 4557 -1573 9219 2242 6578 
5586 6863 4194 -8092 1583 -2136 9111 -5527 2020 -9831 350 998 -9306 -5216 -7851 
-9435 262 -9324 8352 -7583 -7772 -773 8391 -4677 5903 -2698 3044 -7698 7916 -5967 
-5900 4874 -3467 4312 8099 -7817 -3768 -9796 8456 7032 -761 -2900 8956 -5096 9908 
-1245 2386 6472 6403 -6448 4173 -2217 -2946 -8017 8233 9749 -5050 -2001 6038 8410 
4868 -1696 9537 8715 8943 -1207 -3127 5386 -8994 -5712 3326 9607 2364 8287 -7446 
1812 -9553 5515 7285 9848 -9868 -3802 7293 -6034 9306 -5155 6758 8120 8983 3162 
-5480 -3443 1601 -9036 182 -8166 3566 -5406 -9461 -1047 -4704 -3316 7628 -360 512 
-5266 9814 1583 7303 3445 9172 -2985 -2325 4588 -471 1855 1272 -6087 -4708 -2944 
