No matrix with the given index
3 3
Unrecognized command
Power should be positive
Cannot perform matrix multiplication
Unrecognized command
No matrix with the given index
No matrix with the given index
2 2
