1645666348744876
149999 11999
139220425.2042448 13812520.3641393
