7496471313761647
99999 100008
99983542.0850121 99988315.7662446
