No data with the given index
No data with the given index
7870 7989 9289 -4430 741 4169 -3695 -9984 
-5149 -6894 -1668 1278 8406 831 6029 2183 
-1344 -6456 -3227 4456 9663 8838 5781 -770 
-7750 -6862 -7087 4299 7361 -8127 4694 5819 
9574 4859 -112 2149 -8170 -3542 -9933 401 
4233 -8284 3931 -4457 -1281 -2539 3514 -3576 
2973 6354 -7490 -7509 7124 -8822 -1075 8970 
7 10
4132 9934 -5494 -3130 2522 4864 -128 9179 -8094 9427 
2313 7773 -4954 -941 1074 21 -6390 7971 -1224 1266 
3547 7367 -6399 -5302 5241 3439 -2649 5406 -648 1863 
-3389 -4255 6902 4122 -3256 -1487 854 -6237 6350 -7419 
-9743 -910 3479 1376 -6804 -8604 8690 -2585 4384 -4488 
4808 3514 -6590 -8458 9810 8778 -8490 497 -3877 2720 
-138 -8235 3333 5211 -8294 -1741 4815 -2765 5392 -8743 
