No data with the given index
Unrecognized command
Unrecognized command
No data with the given index
4229 9806 -9054 1157 2659 -8074 7356 731 
-9651 6136 -3300 -5590 -5056 8570 2654 4696 
-730 -6936 3885 -4895 1494 -9898 -6123 3557 
4275 -5814 -9089 -1006 8134 -2140 2702 -8331 
-31 -1421 -6709 -9795 136 2471 4065 1434 
9703 7116 -5710 -6142 3957 -5559 -2054 -8873 
3836 4573 7831 6812 -3223 8383 525 -5139 
1818 4959 4524 9130 -4301 -8076 6518 1830 
2330 8247 -6049 -2041 -6588 -8254 808 6147 
