2250003000000
0 3000000
1224.7448714 3000002250.0024710
